136
190
282
319
176
310
192
244
321
298
292
239
274
197
123
210
282
319
149
214
244
197
198
144
310
306
165
256
166
213
229
156
283
168
279
129
137
251
310
249
140
128
184
175
159
273
160
172
258
263
