144
50
128
153
185
101
153
132
168
24
124
5
53
38
137
58
148
43
121
123
5
124
27
151
153
145
170
147
33
4
