145
929
597
535
281
959
603
249
281
777
223
925
905
238
567
771
118
925
469
172
112
780
229
521
263
