476
140
508
444
972
503
353
707
512
61
404
46
643
660
326
506
426
69
192
417
