0.000 0.531 0.000 0.250
0.000 -0.531 0.000 -0.250
