0.000 0.488 0.000 -0.094
0.138 0.000 1.100 0.000
0.000 -0.488 0.000 0.094
0.001 0.465 0.009 -0.185
0.273 0.000 1.083 0.000
0.001 -0.465 0.009 0.185
