-5103.697 88588.336 -19.938 346.046
5103.697 -88588.336 19.938 -346.046
5103.697 88588.336 19.938 346.046
-5103.697 -88588.336 -19.938 -346.046
0.000 0.000 0.000 0.000
425341.933 0.000 1661.488 0.000
-425341.933 0.000 -1661.488 0.000
