0.791 0.000 6.250 0.000
-0.791 0.000 -6.250 0.000
1.582 0.000 6.329 0.000
-1.582 0.000 -6.329 0.000
2.378 0.000 6.368 0.000
-2.378 0.000 -6.368 0.000
3.984 0.000 6.421 0.000
-3.984 0.000 -6.421 0.000
