0.000 0.484 0.000 -0.125
0.000 -0.484 0.000 0.125
