-0.094 0.781 -0.750 2.250
0.406 -0.312 3.250 1.500
