0.391 0.500 3.125 0.000
-0.234 -0.500 -1.875 0.000
