0.746 -0.251 -2.034 1.992
-1.175 0.681 -1.403 1.445
0.401 0.082 -2.760 2.661
-1.421 0.939 -1.967 2.065
