-0.250 0.453 -2.000 -0.375
0.250 -0.109 2.000 3.125
