-0.250 0.438 -2.000 -0.500
0.250 -0.094 2.000 3.250
