0.522 0.522 0.177 0.177
-0.522 -0.522 -0.177 -0.177
-0.522 0.522 -0.177 0.177
0.522 -0.522 0.177 -0.177
0.000 0.000 0.000 0.000
0.569 0.569 0.378 0.378
-0.569 -0.569 -0.378 -0.378
-0.569 0.569 -0.378 0.378
0.569 -0.569 0.378 -0.378
0.000 0.000 0.000 0.000
0.645 0.645 0.607 0.607
-0.645 -0.645 -0.607 -0.607
-0.645 0.645 -0.607 0.607
0.645 -0.645 0.607 -0.607
0.000 0.000 0.000 0.000
