1.234 5.678 0.000 0.000
4.321 8.765 0.000 0.000
5.678 1.234 0.000 0.000
8.765 4.321 0.000 0.000
1.234 4.321 0.000 0.000
1.234 5.678 0.000 0.000
4.321 8.765 0.000 0.000
5.678 1.234 0.000 0.000
8.765 4.321 0.000 0.000
1.234 4.321 0.000 0.000
1.234 5.678 0.000 0.000
4.321 8.765 0.000 0.000
5.678 1.234 0.000 0.000
8.765 4.321 0.000 0.000
1.234 4.321 0.000 0.000
1.234 5.678 0.000 0.000
4.321 8.765 0.000 0.000
5.678 1.234 0.000 0.000
8.765 4.321 0.000 0.000
1.234 4.321 0.000 0.000
1.234 5.678 0.000 0.000
4.321 8.765 0.000 0.000
5.678 1.234 0.000 0.000
8.765 4.321 0.000 0.000
1.234 4.321 0.000 0.000
