-0.250 0.391 -2.000 -0.875
0.250 -0.141 2.000 2.875
-0.514 0.295 -2.114 -0.765
0.514 0.205 2.114 2.765
