CATCHER 5 -1 0
. . . . .
 . # # . .
. C . # .
 . # # . .
. . . . .
