CATCHER 5 0 1
. . . . .
 . # # . .
. # . # .
 . # C . .
. . . . .
